Archive member included because of file (symbol)

c:/winavr-20100110/bin/../lib/gcc/avr/4.3.3/avr5\libgcc.a(_mulsi3.o)
                              ./TIMER0_prog.o (__mulsi3)
c:/winavr-20100110/bin/../lib/gcc/avr/4.3.3/avr5\libgcc.a(_divmodhi4.o)
                              ./TIMER0_prog.o (__divmodhi4)
c:/winavr-20100110/bin/../lib/gcc/avr/4.3.3/avr5\libgcc.a(_exit.o)
                              c:/winavr-20100110/bin/../lib/gcc/avr/4.3.3/../../../../avr/lib/avr5/crtm32.o (exit)
c:/winavr-20100110/bin/../lib/gcc/avr/4.3.3/avr5\libgcc.a(_copy_data.o)
                              ./GPIO_prog.o (__do_copy_data)
c:/winavr-20100110/bin/../lib/gcc/avr/4.3.3/avr5\libgcc.a(_clear_bss.o)
                              ./TIMER0_prog.o (__do_clear_bss)
c:/winavr-20100110/bin/../lib/gcc/avr/4.3.3/avr5\libgcc.a(_udivmodhi4.o)
                              c:/winavr-20100110/bin/../lib/gcc/avr/4.3.3/avr5\libgcc.a(_divmodhi4.o) (__udivmodhi4)

Memory Configuration

Name             Origin             Length             Attributes
text             0x00000000         0x00020000         xr
data             0x00800060         0x0000ffa0         rw !x
eeprom           0x00810000         0x00010000         rw !x
fuse             0x00820000         0x00000400         rw !x
lock             0x00830000         0x00000400         rw !x
signature        0x00840000         0x00000400         rw !x
*default*        0x00000000         0xffffffff

Linker script and memory map

LOAD c:/winavr-20100110/bin/../lib/gcc/avr/4.3.3/../../../../avr/lib/avr5/crtm32.o
LOAD ./GIE_prog.o
LOAD ./GPIO_prog.o
LOAD ./TIMER0_prog.o
LOAD ./UART_prog.o
LOAD ./WiFi_prog.o
LOAD ./main.o
LOAD c:/winavr-20100110/bin/../lib/gcc/avr/4.3.3/avr5\libgcc.a
LOAD c:/winavr-20100110/bin/../lib/gcc/avr/4.3.3/../../../../avr/lib/avr5\libc.a
LOAD c:/winavr-20100110/bin/../lib/gcc/avr/4.3.3/avr5\libgcc.a

.hash
 *(.hash)

.dynsym
 *(.dynsym)

.dynstr
 *(.dynstr)

.gnu.version
 *(.gnu.version)

.gnu.version_d
 *(.gnu.version_d)

.gnu.version_r
 *(.gnu.version_r)

.rel.init
 *(.rel.init)

.rela.init
 *(.rela.init)

.rel.text
 *(.rel.text)
 *(.rel.text.*)
 *(.rel.gnu.linkonce.t*)

.rela.text
 *(.rela.text)
 *(.rela.text.*)
 *(.rela.gnu.linkonce.t*)

.rel.fini
 *(.rel.fini)

.rela.fini
 *(.rela.fini)

.rel.rodata
 *(.rel.rodata)
 *(.rel.rodata.*)
 *(.rel.gnu.linkonce.r*)

.rela.rodata
 *(.rela.rodata)
 *(.rela.rodata.*)
 *(.rela.gnu.linkonce.r*)

.rel.data
 *(.rel.data)
 *(.rel.data.*)
 *(.rel.gnu.linkonce.d*)

.rela.data
 *(.rela.data)
 *(.rela.data.*)
 *(.rela.gnu.linkonce.d*)

.rel.ctors
 *(.rel.ctors)

.rela.ctors
 *(.rela.ctors)

.rel.dtors
 *(.rel.dtors)

.rela.dtors
 *(.rela.dtors)

.rel.got
 *(.rel.got)

.rela.got
 *(.rela.got)

.rel.bss
 *(.rel.bss)

.rela.bss
 *(.rela.bss)

.rel.plt
 *(.rel.plt)

.rela.plt
 *(.rela.plt)

.text           0x00000000      0xe20
 *(.vectors)
 .vectors       0x00000000       0x54 c:/winavr-20100110/bin/../lib/gcc/avr/4.3.3/../../../../avr/lib/avr5/crtm32.o
                0x00000000                __vectors
                0x00000000                __vector_default
 *(.vectors)
 *(.progmem.gcc*)
 *(.progmem*)
                0x00000054                . = ALIGN (0x2)
                0x00000054                __trampolines_start = .
 *(.trampolines)
 .trampolines   0x00000054        0x0 linker stubs
 *(.trampolines*)
                0x00000054                __trampolines_end = .
 *(.jumptables)
 *(.jumptables*)
 *(.lowtext)
 *(.lowtext*)
                0x00000054                __ctors_start = .
 *(.ctors)
                0x00000054                __ctors_end = .
                0x00000054                __dtors_start = .
 *(.dtors)
                0x00000054                __dtors_end = .
 SORT(*)(.ctors)
 SORT(*)(.dtors)
 *(.init0)
 .init0         0x00000054        0x0 c:/winavr-20100110/bin/../lib/gcc/avr/4.3.3/../../../../avr/lib/avr5/crtm32.o
                0x00000054                __init
 *(.init0)
 *(.init1)
 *(.init1)
 *(.init2)
 .init2         0x00000054        0xc c:/winavr-20100110/bin/../lib/gcc/avr/4.3.3/../../../../avr/lib/avr5/crtm32.o
 *(.init2)
 *(.init3)
 *(.init3)
 *(.init4)
 .init4         0x00000060       0x16 c:/winavr-20100110/bin/../lib/gcc/avr/4.3.3/avr5\libgcc.a(_copy_data.o)
                0x00000060                __do_copy_data
 .init4         0x00000076       0x10 c:/winavr-20100110/bin/../lib/gcc/avr/4.3.3/avr5\libgcc.a(_clear_bss.o)
                0x00000076                __do_clear_bss
 *(.init4)
 *(.init5)
 *(.init5)
 *(.init6)
 *(.init6)
 *(.init7)
 *(.init7)
 *(.init8)
 *(.init8)
 *(.init9)
 .init9         0x00000086        0x8 c:/winavr-20100110/bin/../lib/gcc/avr/4.3.3/../../../../avr/lib/avr5/crtm32.o
 *(.init9)
 *(.text)
 .text          0x0000008e        0x4 c:/winavr-20100110/bin/../lib/gcc/avr/4.3.3/../../../../avr/lib/avr5/crtm32.o
                0x0000008e                __vector_1
                0x0000008e                __vector_12
                0x0000008e                __bad_interrupt
                0x0000008e                __vector_6
                0x0000008e                __vector_3
                0x0000008e                __vector_17
                0x0000008e                __vector_19
                0x0000008e                __vector_7
                0x0000008e                __vector_5
                0x0000008e                __vector_4
                0x0000008e                __vector_9
                0x0000008e                __vector_2
                0x0000008e                __vector_15
                0x0000008e                __vector_8
                0x0000008e                __vector_14
                0x0000008e                __vector_16
                0x0000008e                __vector_18
                0x0000008e                __vector_20
 .text          0x00000092        0x0 ./GIE_prog.o
 .text          0x00000092        0x0 ./GPIO_prog.o
 .text          0x00000092        0x0 ./TIMER0_prog.o
 .text          0x00000092        0x0 ./UART_prog.o
 .text          0x00000092        0x0 ./WiFi_prog.o
 .text          0x00000092        0x0 ./main.o
 .text          0x00000092        0x0 c:/winavr-20100110/bin/../lib/gcc/avr/4.3.3/avr5\libgcc.a(_mulsi3.o)
 .text          0x00000092        0x0 c:/winavr-20100110/bin/../lib/gcc/avr/4.3.3/avr5\libgcc.a(_divmodhi4.o)
 .text          0x00000092        0x0 c:/winavr-20100110/bin/../lib/gcc/avr/4.3.3/avr5\libgcc.a(_exit.o)
 .text          0x00000092        0x0 c:/winavr-20100110/bin/../lib/gcc/avr/4.3.3/avr5\libgcc.a(_copy_data.o)
 .text          0x00000092        0x0 c:/winavr-20100110/bin/../lib/gcc/avr/4.3.3/avr5\libgcc.a(_clear_bss.o)
 .text          0x00000092        0x0 c:/winavr-20100110/bin/../lib/gcc/avr/4.3.3/avr5\libgcc.a(_udivmodhi4.o)
                0x00000092                . = ALIGN (0x2)
 *(.text.*)
 .text.GIE_Enable
                0x00000092       0x1c ./GIE_prog.o
                0x00000092                GIE_Enable
 .text.GIE_Disable
                0x000000ae       0x1c ./GIE_prog.o
                0x000000ae                GIE_Disable
 .text.DIO_voidSetPinDirection
                0x000000ca      0x168 ./GPIO_prog.o
                0x000000ca                DIO_voidSetPinDirection
 .text.DIO_voidSetPinValue
                0x00000232      0x168 ./GPIO_prog.o
                0x00000232                DIO_voidSetPinValue
 .text.DIO_voidGetPinValue
                0x0000039a      0x110 ./GPIO_prog.o
                0x0000039a                DIO_voidGetPinValue
 .text.DIO_voidSetPortDirection
                0x000004aa       0x26 ./GPIO_prog.o
                0x000004aa                DIO_voidSetPortDirection
 .text.DIO_voidSetPortValue
                0x000004d0       0x26 ./GPIO_prog.o
                0x000004d0                DIO_voidSetPortValue
 .text.DIO_voidGetPortValue
                0x000004f6       0x1e ./GPIO_prog.o
                0x000004f6                DIO_voidGetPortValue
 .text.Timer0_Init
                0x00000514      0x1e8 ./TIMER0_prog.o
                0x00000514                Timer0_Init
 .text.Timer0_Start
                0x000006fc       0x30 ./TIMER0_prog.o
                0x000006fc                Timer0_Start
 .text.Timer0_Stop
                0x0000072c       0x26 ./TIMER0_prog.o
                0x0000072c                Timer0_Stop
 .text.Timer0_GetCounts
                0x00000752       0x14 ./TIMER0_prog.o
                0x00000752                Timer0_GetCounts
 .text.Timer0_SetDelayTimeMilliSec
                0x00000766       0xba ./TIMER0_prog.o
                0x00000766                Timer0_SetDelayTimeMilliSec
 .text.Timer0_IntEnable
                0x00000820       0x42 ./TIMER0_prog.o
                0x00000820                Timer0_IntEnable
 .text.Timer0_IntDisable
                0x00000862       0x42 ./TIMER0_prog.o
                0x00000862                Timer0_IntDisable
 .text.TIMER0_clearTimerValue
                0x000008a4       0x14 ./TIMER0_prog.o
                0x000008a4                TIMER0_clearTimerValue
 .text.Timer0_SetCallBack
                0x000008b8       0x24 ./TIMER0_prog.o
                0x000008b8                Timer0_SetCallBack
 .text.Timer0_SetFastPWM
                0x000008dc       0x52 ./TIMER0_prog.o
                0x000008dc                Timer0_SetFastPWM
 .text.__vector_11
                0x0000092e       0xd0 ./TIMER0_prog.o
                0x0000092e                __vector_11
 .text.__vector_10
                0x000009fe       0x66 ./TIMER0_prog.o
                0x000009fe                __vector_10
 .text.UART_init
                0x00000a64       0x60 ./UART_prog.o
                0x00000a64                UART_init
 .text.UART_sendByte
                0x00000ac4       0x2e ./UART_prog.o
                0x00000ac4                UART_sendByte
 .text.UART_recieveByteSynchNonBlocking
                0x00000af2       0x2e ./UART_prog.o
                0x00000af2                UART_recieveByteSynchNonBlocking
 .text.UART_sendString
                0x00000b20       0x38 ./UART_prog.o
                0x00000b20                UART_sendString
 .text.UART_receiveStringAsynchCallBack
                0x00000b58       0x32 ./UART_prog.o
                0x00000b58                UART_receiveStringAsynchCallBack
 .text.UART_receiveByteAsynchCallBack
                0x00000b8a       0x32 ./UART_prog.o
                0x00000b8a                UART_receiveByteAsynchCallBack
 .text.__vector_13
                0x00000bbc       0x74 ./UART_prog.o
                0x00000bbc                __vector_13
 .text.WIFI_init
                0x00000c30       0x26 ./WiFi_prog.o
                0x00000c30                WIFI_init
 .text.WIFI_connectRouter
                0x00000c56       0x1a ./WiFi_prog.o
                0x00000c56                WIFI_connectRouter
 .text.WIFI_connectPhone
                0x00000c70       0x1a ./WiFi_prog.o
                0x00000c70                WIFI_connectPhone
 .text.WIFI_receiveData
                0x00000c8a       0x24 ./WiFi_prog.o
                0x00000c8a                WIFI_receiveData
 .text.WIFI_delayCallBack
                0x00000cae       0x14 ./WiFi_prog.o
                0x00000cae                WIFI_delayCallBack
 .text.WIFI_delayMilliSec
                0x00000cc2       0x4e ./WiFi_prog.o
                0x00000cc2                WIFI_delayMilliSec
 .text.main     0x00000d10       0x80 ./main.o
                0x00000d10                main
 .text.libgcc   0x00000d90       0x3e c:/winavr-20100110/bin/../lib/gcc/avr/4.3.3/avr5\libgcc.a(_mulsi3.o)
                0x00000d90                __mulsi3
 .text.libgcc   0x00000dce       0x26 c:/winavr-20100110/bin/../lib/gcc/avr/4.3.3/avr5\libgcc.a(_divmodhi4.o)
                0x00000dce                __divmodhi4
                0x00000dce                _div
 .text.libgcc   0x00000df4        0x0 c:/winavr-20100110/bin/../lib/gcc/avr/4.3.3/avr5\libgcc.a(_exit.o)
 .text.libgcc   0x00000df4        0x0 c:/winavr-20100110/bin/../lib/gcc/avr/4.3.3/avr5\libgcc.a(_copy_data.o)
 .text.libgcc   0x00000df4        0x0 c:/winavr-20100110/bin/../lib/gcc/avr/4.3.3/avr5\libgcc.a(_clear_bss.o)
 .text.libgcc   0x00000df4       0x28 c:/winavr-20100110/bin/../lib/gcc/avr/4.3.3/avr5\libgcc.a(_udivmodhi4.o)
                0x00000df4                __udivmodhi4
                0x00000e1c                . = ALIGN (0x2)
 *(.fini9)
 .fini9         0x00000e1c        0x0 c:/winavr-20100110/bin/../lib/gcc/avr/4.3.3/avr5\libgcc.a(_exit.o)
                0x00000e1c                exit
                0x00000e1c                _exit
 *(.fini9)
 *(.fini8)
 *(.fini8)
 *(.fini7)
 *(.fini7)
 *(.fini6)
 *(.fini6)
 *(.fini5)
 *(.fini5)
 *(.fini4)
 *(.fini4)
 *(.fini3)
 *(.fini3)
 *(.fini2)
 *(.fini2)
 *(.fini1)
 *(.fini1)
 *(.fini0)
 .fini0         0x00000e1c        0x4 c:/winavr-20100110/bin/../lib/gcc/avr/4.3.3/avr5\libgcc.a(_exit.o)
 *(.fini0)
                0x00000e20                _etext = .

.data           0x00800060       0x74 load address 0x00000e20
                0x00800060                PROVIDE (__data_start, .)
 *(.data)
 .data          0x00800060        0x0 c:/winavr-20100110/bin/../lib/gcc/avr/4.3.3/../../../../avr/lib/avr5/crtm32.o
 .data          0x00800060        0x0 ./GIE_prog.o
 .data          0x00800060        0x0 ./GPIO_prog.o
 .data          0x00800060        0x0 ./TIMER0_prog.o
 .data          0x00800060        0x0 ./UART_prog.o
 .data          0x00800060       0x64 ./WiFi_prog.o
 .data          0x008000c4        0x0 ./main.o
 .data          0x008000c4        0x0 c:/winavr-20100110/bin/../lib/gcc/avr/4.3.3/avr5\libgcc.a(_mulsi3.o)
 .data          0x008000c4        0x0 c:/winavr-20100110/bin/../lib/gcc/avr/4.3.3/avr5\libgcc.a(_divmodhi4.o)
 .data          0x008000c4        0x0 c:/winavr-20100110/bin/../lib/gcc/avr/4.3.3/avr5\libgcc.a(_exit.o)
 .data          0x008000c4        0x0 c:/winavr-20100110/bin/../lib/gcc/avr/4.3.3/avr5\libgcc.a(_copy_data.o)
 .data          0x008000c4        0x0 c:/winavr-20100110/bin/../lib/gcc/avr/4.3.3/avr5\libgcc.a(_clear_bss.o)
 .data          0x008000c4        0x0 c:/winavr-20100110/bin/../lib/gcc/avr/4.3.3/avr5\libgcc.a(_udivmodhi4.o)
 *(.data*)
 .data.config   0x008000c4        0x7 ./WiFi_prog.o
                0x008000c4                config
 *(.rodata)
 *(.rodata*)
 .rodata.pPORTA
                0x008000cb        0x2 ./GPIO_prog.o
                0x008000cb                pPORTA
 .rodata.pPORTB
                0x008000cd        0x2 ./GPIO_prog.o
                0x008000cd                pPORTB
 .rodata.pPORTC
                0x008000cf        0x2 ./GPIO_prog.o
                0x008000cf                pPORTC
 .rodata.pPORTD
                0x008000d1        0x2 ./GPIO_prog.o
                0x008000d1                pPORTD
 *(.gnu.linkonce.d*)
                0x008000d4                . = ALIGN (0x2)
 *fill*         0x008000d3        0x1 00
                0x008000d4                _edata = .
                0x008000d4                PROVIDE (__data_end, .)

.bss            0x008000d4        0xb
                0x008000d4                PROVIDE (__bss_start, .)
 *(.bss)
 .bss           0x008000d4        0x0 c:/winavr-20100110/bin/../lib/gcc/avr/4.3.3/../../../../avr/lib/avr5/crtm32.o
 .bss           0x008000d4        0x0 ./GIE_prog.o
 .bss           0x008000d4        0x0 ./GPIO_prog.o
 .bss           0x008000d4        0x0 ./TIMER0_prog.o
 .bss           0x008000d4        0x0 ./UART_prog.o
 .bss           0x008000d4        0x0 ./WiFi_prog.o
 .bss           0x008000d4        0x0 ./main.o
 .bss           0x008000d4        0x0 c:/winavr-20100110/bin/../lib/gcc/avr/4.3.3/avr5\libgcc.a(_mulsi3.o)
 .bss           0x008000d4        0x0 c:/winavr-20100110/bin/../lib/gcc/avr/4.3.3/avr5\libgcc.a(_divmodhi4.o)
 .bss           0x008000d4        0x0 c:/winavr-20100110/bin/../lib/gcc/avr/4.3.3/avr5\libgcc.a(_exit.o)
 .bss           0x008000d4        0x0 c:/winavr-20100110/bin/../lib/gcc/avr/4.3.3/avr5\libgcc.a(_copy_data.o)
 .bss           0x008000d4        0x0 c:/winavr-20100110/bin/../lib/gcc/avr/4.3.3/avr5\libgcc.a(_clear_bss.o)
 .bss           0x008000d4        0x0 c:/winavr-20100110/bin/../lib/gcc/avr/4.3.3/avr5\libgcc.a(_udivmodhi4.o)
 *(.bss*)
 .bss.overFlowCounter
                0x008000d4        0x4 ./TIMER0_prog.o
                0x008000d4                overFlowCounter
 .bss.remCounter
                0x008000d8        0x1 ./TIMER0_prog.o
                0x008000d8                remCounter
 .bss.ptrCallBack
                0x008000d9        0x2 ./TIMER0_prog.o
                0x008000d9                ptrCallBack
 .bss.ptrCallBack
                0x008000db        0x2 ./UART_prog.o
 .bss.byte.1303
                0x008000dd        0x1 ./UART_prog.o
 .bss.flag      0x008000de        0x1 ./WiFi_prog.o
                0x008000de                flag
 *(COMMON)
                0x008000df                PROVIDE (__bss_end, .)
                0x00000e20                __data_load_start = LOADADDR (.data)
                0x00000e94                __data_load_end = (__data_load_start + SIZEOF (.data))

.noinit         0x008000df        0x0
                0x008000df                PROVIDE (__noinit_start, .)
 *(.noinit*)
                0x008000df                PROVIDE (__noinit_end, .)
                0x008000df                _end = .
                0x008000df                PROVIDE (__heap_start, .)

.eeprom         0x00810000        0x0
 *(.eeprom*)
                0x00810000                __eeprom_end = .

.fuse
 *(.fuse)
 *(.lfuse)
 *(.hfuse)
 *(.efuse)

.lock
 *(.lock*)

.signature
 *(.signature*)

.stab           0x00000000     0x1734
 *(.stab)
 .stab          0x00000000      0x1f8 ./GIE_prog.o
 .stab          0x000001f8      0x498 ./GPIO_prog.o
                                0x534 (size before relaxing)
 .stab          0x00000690      0x81c ./TIMER0_prog.o
                                0x8b8 (size before relaxing)
 .stab          0x00000eac      0x408 ./UART_prog.o
                                0x660 (size before relaxing)
 .stab          0x000012b4      0x2a0 ./WiFi_prog.o
                                0x3cc (size before relaxing)
 .stab          0x00001554      0x1e0 ./main.o
                                0x2e8 (size before relaxing)

.stabstr        0x00000000     0x1818
 *(.stabstr)
 .stabstr       0x00000000     0x1818 ./GIE_prog.o

.stab.excl
 *(.stab.excl)

.stab.exclstr
 *(.stab.exclstr)

.stab.index
 *(.stab.index)

.stab.indexstr
 *(.stab.indexstr)

.comment
 *(.comment)

.debug
 *(.debug)

.line
 *(.line)

.debug_srcinfo
 *(.debug_srcinfo)

.debug_sfnames
 *(.debug_sfnames)

.debug_aranges
 *(.debug_aranges)

.debug_pubnames
 *(.debug_pubnames)

.debug_info
 *(.debug_info)
 *(.gnu.linkonce.wi.*)

.debug_abbrev
 *(.debug_abbrev)

.debug_line
 *(.debug_line)

.debug_frame
 *(.debug_frame)

.debug_str
 *(.debug_str)

.debug_loc
 *(.debug_loc)

.debug_macinfo
 *(.debug_macinfo)
OUTPUT(wifitest.elf elf32-avr)
LOAD linker stubs
